#
# There is insufficient memory for the Java Runtime Environment to continue.
# Native memory allocation (malloc) failed to allocate 1048576 bytes for AllocateHeap
# Possible reasons:
#   The system is out of physical RAM or swap space
#   The process is running with CompressedOops enabled, and the Java Heap may be blocking the growth of the native heap
# Possible solutions:
#   Reduce memory load on the system
#   Increase physical memory or swap space
#   Check if swap backing store is full
#   Decrease Java heap size (-Xmx/-Xms)
#   Decrease number of Java threads
#   Decrease Java thread stack sizes (-Xss)
#   Set larger code cache with -XX:ReservedCodeCacheSize=
#   JVM is running with Unscaled Compressed Oops mode in which the Java heap is
#     placed in the first 4GB address space. The Java Heap base address is the
#     maximum limit for the native heap growth. Please use -XX:HeapBaseMinAddress
#     to set the Java Heap base and to place the Java Heap above 4GB virtual address.
# This output file may be truncated or incomplete.
#
#  Out of Memory Error (./src/hotspot/share/memory/allocation.cpp:46), pid=1140, tid=14136
#
# JRE version: OpenJDK Runtime Environment Temurin-11.0.14.1+1 (11.0.14.1+1) (build 11.0.14.1+1)
# Java VM: OpenJDK 64-Bit Server VM Temurin-11.0.14.1+1 (11.0.14.1+1, mixed mode, tiered, compressed oops, g1 gc, windows-amd64)
# No core dump will be written. Minidumps are not enabled by default on client versions of Windows
#

---------------  S U M M A R Y ------------

Command Line: -Dfile.encoding=UTF-8 -Dcom.android.sdklib.toolsdir=C:\Program Files\Unity\Hub\Editor\2022.3.18f1\Editor\Data\PlaybackEngines\AndroidPlayer\SDK\cmdline-tools\6.0\bin\\.. com.android.sdklib.tool.sdkmanager.SdkManagerCli --list

Host: Intel(R) Core(TM) i7-2820QM CPU @ 2.30GHz, 8 cores, 7G,  Windows 10 , 64 bit Build 19041 (10.0.19041.4597)
Time: Sat Jul 13 20:06:31 2024 Pakistan Standard Time elapsed time: 0.757664 seconds (0d 0h 0m 0s)

---------------  T H R E A D  ---------------

Current thread (0x00000206b673d800):  VMThread "VM Thread" [stack: 0x000000673c000000,0x000000673c100000] [id=14136]

Stack: [0x000000673c000000,0x000000673c100000]
[error occurred during error reporting (printing stack bounds), id 0xc0000005, EXCEPTION_ACCESS_VIOLATION (0xc0000005) at pc=0x00000206a009112d]

Native frames: (J=compiled Java code, j=interpreted, Vv=VM code, C=native code)
V  [jvm.dll+0x61e59a]
V  [jvm.dll+0x7aaca9]
V  [jvm.dll+0x7ac398]
V  [jvm.dll+0x7ac9d5]
V  [jvm.dll+0x7ac98b]
V  [jvm.dll+0x61d927]
V  [jvm.dll+0x61e038]
C  [ntdll.dll+0xa292f]
C  [ntdll.dll+0x52554]
C  [ntdll.dll+0xa143e]
C  0x00000206a009112d

VM_Operation (0x000000673baefe80): CollectForMetadataAllocation, mode: safepoint, requested by thread 0x00000206979c3000


---------------  P R O C E S S  ---------------

Threads class SMR info:
_java_thread_list=0x00000206b74bbb70, length=11, elements={
0x00000206979c3000, 0x00000206b71f5000, 0x00000206b71fe000, 0x00000206b71e7800,
0x00000206b71e8800, 0x00000206b71ea800, 0x00000206b71ed800, 0x00000206b71ef000,
0x00000206b724c800, 0x00000206b73b4000, 0x00000206b749d000
}

Java Threads: ( => current thread )
  0x00000206979c3000 JavaThread "main" [_thread_blocked, id=15136, stack(0x000000673ba00000,0x000000673bb00000)]
  0x00000206b71f5000 JavaThread "Reference Handler" daemon [_thread_blocked, id=6992, stack(0x000000673c100000,0x000000673c200000)]
  0x00000206b71fe000 JavaThread "Finalizer" daemon [_thread_blocked, id=16208, stack(0x000000673c200000,0x000000673c300000)]
  0x00000206b71e7800 JavaThread "Signal Dispatcher" daemon [_thread_blocked, id=21392, stack(0x000000673c300000,0x000000673c400000)]
  0x00000206b71e8800 JavaThread "Attach Listener" daemon [_thread_blocked, id=17512, stack(0x000000673c400000,0x000000673c500000)]
  0x00000206b71ea800 JavaThread "Service Thread" daemon [_thread_blocked, id=10232, stack(0x000000673c500000,0x000000673c600000)]
  0x00000206b71ed800 JavaThread "C2 CompilerThread0" daemon [_thread_blocked, id=1084, stack(0x000000673c600000,0x000000673c700000)]
  0x00000206b71ef000 JavaThread "C1 CompilerThread0" daemon [_thread_blocked, id=13412, stack(0x000000673c700000,0x000000673c800000)]
  0x00000206b724c800 JavaThread "Sweeper thread" daemon [_thread_blocked, id=19032, stack(0x000000673c800000,0x000000673c900000)]
  0x00000206b73b4000 JavaThread "Common-Cleaner" daemon [_thread_blocked, id=1660, stack(0x000000673ca00000,0x000000673cb00000)]
  0x00000206b749d000 JavaThread "C2 CompilerThread1" daemon [_thread_blocked, id=11912, stack(0x000000673cb00000,0x000000673cc00000)]

Other Threads:
=>0x00000206b673d800 VMThread "VM Thread" [stack: 0x000000673c000000,0x000000673c100000] [id=14136]
  0x00000206b73bd000 WatcherThread [stack: 0x000000673c900000,0x000000673ca00000] [id=15568]
  0x00000206979dc800 GCTaskThread "GC Thread#0" [stack: 0x000000673bb00000,0x000000673bc00000] [id=6020]
  0x00000206b7b5d000 GCTaskThread "GC Thread#1" [stack: 0x000000673cc00000,0x000000673cd00000] [id=1340]
  0x00000206b7c1b800 GCTaskThread "GC Thread#2" [stack: 0x000000673cd00000,0x000000673ce00000] [id=7516]
  0x0000020697a0f800 ConcurrentGCThread "G1 Main Marker" [stack: 0x000000673bc00000,0x000000673bd00000] [id=10124]
  0x0000020697a12800 ConcurrentGCThread "G1 Conc#0" [stack: 0x000000673bd00000,0x000000673be00000] [id=1064]
  0x00000206b755d800 ConcurrentGCThread "G1 Conc#1" [stack: 0x000000673ce00000,0x000000673cf00000] [id=13832]
  0x00000206b65fb800 ConcurrentGCThread "G1 Refine#0" [stack: 0x000000673be00000,0x000000673bf00000] [id=17112]
  0x00000206b65fc800 ConcurrentGCThread "G1 Young RemSet Sampling" [stack: 0x000000673bf00000,0x000000673c000000] [id=4204]

Threads with active compile tasks:

VM state:at safepoint (normal execution)

VM Mutex/Monitor currently owned by a thread:  ([mutex/lock_event])
[0x00000206979bfc90] Threads_lock - owner thread: 0x00000206b673d800
[0x00000206979bfdb0] Heap_lock - owner thread: 0x00000206979c3000

Heap address: 0x0000000081c00000, size: 2020 MB, Compressed Oops mode: 32-bit
Narrow klass base: 0x0000000000000000, Narrow klass shift: 3
Compressed class space size: 1073741824 Address: 0x0000000100000000

Heap:
 garbage-first heap   total 131072K, used 3824K [0x0000000081c00000, 0x0000000100000000)
  region size 1024K, 4 young (4096K), 4 survivors (4096K)
 Metaspace       used 14000K, capacity 14164K, committed 14208K, reserved 1077248K
  class space    used 1308K, capacity 1402K, committed 1408K, reserved 1048576K
Heap Regions: E=young(eden), S=young(survivor), O=old, HS=humongous(starts), HC=humongous(continues), CS=collection set, F=free, A=archive, TAMS=top-at-mark-start (previous, next)
|   0|0x0000000081c00000, 0x0000000081c00000, 0x0000000081d00000|  0%| F|  |TAMS 0x0000000081c00000, 0x0000000081c00000| Untracked 
|   1|0x0000000081d00000, 0x0000000081d4f000, 0x0000000081e00000| 30%| O|  |TAMS 0x0000000081d4f000, 0x0000000081d4f000| Untracked 
|   2|0x0000000081e00000, 0x0000000081e00000, 0x0000000081f00000|  0%| F|  |TAMS 0x0000000081e00000, 0x0000000081e00000| Untracked 
|   3|0x0000000081f00000, 0x0000000081f00000, 0x0000000082000000|  0%| F|  |TAMS 0x0000000081f00000, 0x0000000081f00000| Untracked 
|   4|0x0000000082000000, 0x0000000082000000, 0x0000000082100000|  0%| F|  |TAMS 0x0000000082000000, 0x0000000082000000| Untracked 
|   5|0x0000000082100000, 0x0000000082100000, 0x0000000082200000|  0%| F|  |TAMS 0x0000000082100000, 0x0000000082100000| Untracked 
|   6|0x0000000082200000, 0x0000000082200000, 0x0000000082300000|  0%| F|  |TAMS 0x0000000082200000, 0x0000000082200000| Untracked 
|   7|0x0000000082300000, 0x0000000082300000, 0x0000000082400000|  0%| F|  |TAMS 0x0000000082300000, 0x0000000082300000| Untracked 
|   8|0x0000000082400000, 0x0000000082400000, 0x0000000082500000|  0%| F|  |TAMS 0x0000000082400000, 0x0000000082400000| Untracked 
|   9|0x0000000082500000, 0x0000000082500000, 0x0000000082600000|  0%| F|  |TAMS 0x0000000082500000, 0x0000000082500000| Untracked 
|  10|0x0000000082600000, 0x0000000082600000, 0x0000000082700000|  0%| F|  |TAMS 0x0000000082600000, 0x0000000082600000| Untracked 
|  11|0x0000000082700000, 0x0000000082700000, 0x0000000082800000|  0%| F|  |TAMS 0x0000000082700000, 0x0000000082700000| Untracked 
|  12|0x0000000082800000, 0x0000000082800000, 0x0000000082900000|  0%| F|  |TAMS 0x0000000082800000, 0x0000000082800000| Untracked 
|  13|0x0000000082900000, 0x0000000082900000, 0x0000000082a00000|  0%| F|  |TAMS 0x0000000082900000, 0x0000000082900000| Untracked 
|  14|0x0000000082a00000, 0x0000000082a00000, 0x0000000082b00000|  0%| F|  |TAMS 0x0000000082a00000, 0x0000000082a00000| Untracked 
|  15|0x0000000082b00000, 0x0000000082b00000, 0x0000000082c00000|  0%| F|  |TAMS 0x0000000082b00000, 0x0000000082b00000| Untracked 
|  16|0x0000000082c00000, 0x0000000082c00000, 0x0000000082d00000|  0%| F|  |TAMS 0x0000000082c00000, 0x0000000082c00000| Untracked 
|  17|0x0000000082d00000, 0x0000000082d00000, 0x0000000082e00000|  0%| F|  |TAMS 0x0000000082d00000, 0x0000000082d00000| Untracked 
|  18|0x0000000082e00000, 0x0000000082e00000, 0x0000000082f00000|  0%| F|  |TAMS 0x0000000082e00000, 0x0000000082e00000| Untracked 
|  19|0x0000000082f00000, 0x0000000082f00000, 0x0000000083000000|  0%| F|  |TAMS 0x0000000082f00000, 0x0000000082f00000| Untracked 
|  20|0x0000000083000000, 0x0000000083000000, 0x0000000083100000|  0%| F|  |TAMS 0x0000000083000000, 0x0000000083000000| Untracked 
|  21|0x0000000083100000, 0x0000000083100000, 0x0000000083200000|  0%| F|  |TAMS 0x0000000083100000, 0x0000000083100000| Untracked 
|  22|0x0000000083200000, 0x0000000083200000, 0x0000000083300000|  0%| F|  |TAMS 0x0000000083200000, 0x0000000083200000| Untracked 
|  23|0x0000000083300000, 0x0000000083300000, 0x0000000083400000|  0%| F|  |TAMS 0x0000000083300000, 0x0000000083300000| Untracked 
|  24|0x0000000083400000, 0x0000000083400000, 0x0000000083500000|  0%| F|  |TAMS 0x0000000083400000, 0x0000000083400000| Untracked 
|  25|0x0000000083500000, 0x0000000083500000, 0x0000000083600000|  0%| F|  |TAMS 0x0000000083500000, 0x0000000083500000| Untracked 
|  26|0x0000000083600000, 0x0000000083600000, 0x0000000083700000|  0%| F|  |TAMS 0x0000000083600000, 0x0000000083600000| Untracked 
|  27|0x0000000083700000, 0x0000000083700000, 0x0000000083800000|  0%| F|  |TAMS 0x0000000083700000, 0x0000000083700000| Untracked 
|  28|0x0000000083800000, 0x0000000083800000, 0x0000000083900000|  0%| F|  |TAMS 0x0000000083800000, 0x0000000083800000| Untracked 
|  29|0x0000000083900000, 0x0000000083900000, 0x0000000083a00000|  0%| F|  |TAMS 0x0000000083900000, 0x0000000083900000| Untracked 
|  30|0x0000000083a00000, 0x0000000083a00000, 0x0000000083b00000|  0%| F|  |TAMS 0x0000000083a00000, 0x0000000083a00000| Untracked 
|  31|0x0000000083b00000, 0x0000000083b00000, 0x0000000083c00000|  0%| F|  |TAMS 0x0000000083b00000, 0x0000000083b00000| Untracked 
|  32|0x0000000083c00000, 0x0000000083c00000, 0x0000000083d00000|  0%| F|  |TAMS 0x0000000083c00000, 0x0000000083c00000| Untracked 
|  33|0x0000000083d00000, 0x0000000083d00000, 0x0000000083e00000|  0%| F|  |TAMS 0x0000000083d00000, 0x0000000083d00000| Untracked 
|  34|0x0000000083e00000, 0x0000000083e00000, 0x0000000083f00000|  0%| F|  |TAMS 0x0000000083e00000, 0x0000000083e00000| Untracked 
|  35|0x0000000083f00000, 0x0000000083f00000, 0x0000000084000000|  0%| F|  |TAMS 0x0000000083f00000, 0x0000000083f00000| Untracked 
|  36|0x0000000084000000, 0x0000000084000000, 0x0000000084100000|  0%| F|  |TAMS 0x0000000084000000, 0x0000000084000000| Untracked 
|  37|0x0000000084100000, 0x0000000084100000, 0x0000000084200000|  0%| F|  |TAMS 0x0000000084100000, 0x0000000084100000| Untracked 
|  38|0x0000000084200000, 0x0000000084200000, 0x0000000084300000|  0%| F|  |TAMS 0x0000000084200000, 0x0000000084200000| Untracked 
|  39|0x0000000084300000, 0x0000000084300000, 0x0000000084400000|  0%| F|  |TAMS 0x0000000084300000, 0x0000000084300000| Untracked 
|  40|0x0000000084400000, 0x0000000084400000, 0x0000000084500000|  0%| F|  |TAMS 0x0000000084400000, 0x0000000084400000| Untracked 
|  41|0x0000000084500000, 0x0000000084500000, 0x0000000084600000|  0%| F|  |TAMS 0x0000000084500000, 0x0000000084500000| Untracked 
|  42|0x0000000084600000, 0x0000000084600000, 0x0000000084700000|  0%| F|  |TAMS 0x0000000084600000, 0x0000000084600000| Untracked 
|  43|0x0000000084700000, 0x0000000084700000, 0x0000000084800000|  0%| F|  |TAMS 0x0000000084700000, 0x0000000084700000| Untracked 
|  44|0x0000000084800000, 0x0000000084800000, 0x0000000084900000|  0%| F|  |TAMS 0x0000000084800000, 0x0000000084800000| Untracked 
|  45|0x0000000084900000, 0x0000000084900000, 0x0000000084a00000|  0%| F|  |TAMS 0x0000000084900000, 0x0000000084900000| Untracked 
|  46|0x0000000084a00000, 0x0000000084a00000, 0x0000000084b00000|  0%| F|  |TAMS 0x0000000084a00000, 0x0000000084a00000| Untracked 
|  47|0x0000000084b00000, 0x0000000084b00000, 0x0000000084c00000|  0%| F|  |TAMS 0x0000000084b00000, 0x0000000084b00000| Untracked 
|  48|0x0000000084c00000, 0x0000000084c00000, 0x0000000084d00000|  0%| F|  |TAMS 0x0000000084c00000, 0x0000000084c00000| Untracked 
|  49|0x0000000084d00000, 0x0000000084d00000, 0x0000000084e00000|  0%| F|  |TAMS 0x0000000084d00000, 0x0000000084d00000| Untracked 
|  50|0x0000000084e00000, 0x0000000084e00000, 0x0000000084f00000|  0%| F|  |TAMS 0x0000000084e00000, 0x0000000084e00000| Untracked 
|  51|0x0000000084f00000, 0x0000000084f00000, 0x0000000085000000|  0%| F|  |TAMS 0x0000000084f00000, 0x0000000084f00000| Untracked 
|  52|0x0000000085000000, 0x0000000085000000, 0x0000000085100000|  0%| F|  |TAMS 0x0000000085000000, 0x0000000085000000| Untracked 
|  53|0x0000000085100000, 0x0000000085100000, 0x0000000085200000|  0%| F|  |TAMS 0x0000000085100000, 0x0000000085100000| Untracked 
|  54|0x0000000085200000, 0x0000000085200000, 0x0000000085300000|  0%| F|  |TAMS 0x0000000085200000, 0x0000000085200000| Untracked 
|  55|0x0000000085300000, 0x0000000085300000, 0x0000000085400000|  0%| F|  |TAMS 0x0000000085300000, 0x0000000085300000| Untracked 
|  56|0x0000000085400000, 0x0000000085400000, 0x0000000085500000|  0%| F|  |TAMS 0x0000000085400000, 0x0000000085400000| Untracked 
|  57|0x0000000085500000, 0x0000000085500000, 0x0000000085600000|  0%| F|  |TAMS 0x0000000085500000, 0x0000000085500000| Untracked 
|  58|0x0000000085600000, 0x0000000085600000, 0x0000000085700000|  0%| F|  |TAMS 0x0000000085600000, 0x0000000085600000| Untracked 
|  59|0x0000000085700000, 0x0000000085700000, 0x0000000085800000|  0%| F|  |TAMS 0x0000000085700000, 0x0000000085700000| Untracked 
|  60|0x0000000085800000, 0x0000000085800000, 0x0000000085900000|  0%| F|  |TAMS 0x0000000085800000, 0x0000000085800000| Untracked 
|  61|0x0000000085900000, 0x0000000085900000, 0x0000000085a00000|  0%| F|  |TAMS 0x0000000085900000, 0x0000000085900000| Untracked 
|  62|0x0000000085a00000, 0x0000000085a00000, 0x0000000085b00000|  0%| F|  |TAMS 0x0000000085a00000, 0x0000000085a00000| Untracked 
|  63|0x0000000085b00000, 0x0000000085b00000, 0x0000000085c00000|  0%| F|  |TAMS 0x0000000085b00000, 0x0000000085b00000| Untracked 
|  64|0x0000000085c00000, 0x0000000085c00000, 0x0000000085d00000|  0%| F|  |TAMS 0x0000000085c00000, 0x0000000085c00000| Untracked 
|  65|0x0000000085d00000, 0x0000000085d00000, 0x0000000085e00000|  0%| F|  |TAMS 0x0000000085d00000, 0x0000000085d00000| Untracked 
|  66|0x0000000085e00000, 0x0000000085e00000, 0x0000000085f00000|  0%| F|  |TAMS 0x0000000085e00000, 0x0000000085e00000| Untracked 
|  67|0x0000000085f00000, 0x0000000085f00000, 0x0000000086000000|  0%| F|  |TAMS 0x0000000085f00000, 0x0000000085f00000| Untracked 
|  68|0x0000000086000000, 0x0000000086000000, 0x0000000086100000|  0%| F|  |TAMS 0x0000000086000000, 0x0000000086000000| Untracked 
|  69|0x0000000086100000, 0x0000000086100000, 0x0000000086200000|  0%| F|  |TAMS 0x0000000086100000, 0x0000000086100000| Untracked 
|  70|0x0000000086200000, 0x0000000086200000, 0x0000000086300000|  0%| F|  |TAMS 0x0000000086200000, 0x0000000086200000| Untracked 
|  71|0x0000000086300000, 0x0000000086300000, 0x0000000086400000|  0%| F|  |TAMS 0x0000000086300000, 0x0000000086300000| Untracked 
|  72|0x0000000086400000, 0x0000000086400000, 0x0000000086500000|  0%| F|  |TAMS 0x0000000086400000, 0x0000000086400000| Untracked 
|  73|0x0000000086500000, 0x0000000086500000, 0x0000000086600000|  0%| F|  |TAMS 0x0000000086500000, 0x0000000086500000| Untracked 
|  74|0x0000000086600000, 0x0000000086600000, 0x0000000086700000|  0%| F|  |TAMS 0x0000000086600000, 0x0000000086600000| Untracked 
|  75|0x0000000086700000, 0x0000000086700000, 0x0000000086800000|  0%| F|  |TAMS 0x0000000086700000, 0x0000000086700000| Untracked 
|  76|0x0000000086800000, 0x0000000086800000, 0x0000000086900000|  0%| F|  |TAMS 0x0000000086800000, 0x0000000086800000| Untracked 
|  77|0x0000000086900000, 0x0000000086900000, 0x0000000086a00000|  0%| F|  |TAMS 0x0000000086900000, 0x0000000086900000| Untracked 
|  78|0x0000000086a00000, 0x0000000086a00000, 0x0000000086b00000|  0%| F|  |TAMS 0x0000000086a00000, 0x0000000086a00000| Untracked 
|  79|0x0000000086b00000, 0x0000000086b00000, 0x0000000086c00000|  0%| F|  |TAMS 0x0000000086b00000, 0x0000000086b00000| Untracked 
|  80|0x0000000086c00000, 0x0000000086c00000, 0x0000000086d00000|  0%| F|  |TAMS 0x0000000086c00000, 0x0000000086c00000| Untracked 
|  81|0x0000000086d00000, 0x0000000086d00000, 0x0000000086e00000|  0%| F|  |TAMS 0x0000000086d00000, 0x0000000086d00000| Untracked 
|  82|0x0000000086e00000, 0x0000000086e00000, 0x0000000086f00000|  0%| F|  |TAMS 0x0000000086e00000, 0x0000000086e00000| Untracked 
|  83|0x0000000086f00000, 0x0000000086f00000, 0x0000000087000000|  0%| F|  |TAMS 0x0000000086f00000, 0x0000000086f00000| Untracked 
|  84|0x0000000087000000, 0x0000000087000000, 0x0000000087100000|  0%| F|  |TAMS 0x0000000087000000, 0x0000000087000000| Untracked 
|  85|0x0000000087100000, 0x0000000087100000, 0x0000000087200000|  0%| F|  |TAMS 0x0000000087100000, 0x0000000087100000| Untracked 
|  86|0x0000000087200000, 0x0000000087200000, 0x0000000087300000|  0%| F|  |TAMS 0x0000000087200000, 0x0000000087200000| Untracked 
|  87|0x0000000087300000, 0x0000000087300000, 0x0000000087400000|  0%| F|  |TAMS 0x0000000087300000, 0x0000000087300000| Untracked 
|  88|0x0000000087400000, 0x0000000087400000, 0x0000000087500000|  0%| F|  |TAMS 0x0000000087400000, 0x0000000087400000| Untracked 
|  89|0x0000000087500000, 0x0000000087500000, 0x0000000087600000|  0%| F|  |TAMS 0x0000000087500000, 0x0000000087500000| Untracked 
|  90|0x0000000087600000, 0x0000000087600000, 0x0000000087700000|  0%| F|  |TAMS 0x0000000087600000, 0x0000000087600000| Untracked 
|  91|0x0000000087700000, 0x0000000087700000, 0x0000000087800000|  0%| F|  |TAMS 0x0000000087700000, 0x0000000087700000| Untracked 
|  92|0x0000000087800000, 0x0000000087800000, 0x0000000087900000|  0%| F|  |TAMS 0x0000000087800000, 0x0000000087800000| Untracked 
|  93|0x0000000087900000, 0x0000000087900000, 0x0000000087a00000|  0%| F|  |TAMS 0x0000000087900000, 0x0000000087900000| Untracked 
|  94|0x0000000087a00000, 0x0000000087a00000, 0x0000000087b00000|  0%| F|  |TAMS 0x0000000087a00000, 0x0000000087a00000| Untracked 
|  95|0x0000000087b00000, 0x0000000087b00000, 0x0000000087c00000|  0%| F|  |TAMS 0x0000000087b00000, 0x0000000087b00000| Untracked 
|  96|0x0000000087c00000, 0x0000000087c00000, 0x0000000087d00000|  0%| F|  |TAMS 0x0000000087c00000, 0x0000000087c00000| Untracked 
|  97|0x0000000087d00000, 0x0000000087d00000, 0x0000000087e00000|  0%| F|  |TAMS 0x0000000087d00000, 0x0000000087d00000| Untracked 
|  98|0x0000000087e00000, 0x0000000087e00000, 0x0000000087f00000|  0%| F|  |TAMS 0x0000000087e00000, 0x0000000087e00000| Untracked 
|  99|0x0000000087f00000, 0x0000000087f00000, 0x0000000088000000|  0%| F|  |TAMS 0x0000000087f00000, 0x0000000087f00000| Untracked 
| 100|0x0000000088000000, 0x0000000088000000, 0x0000000088100000|  0%| F|  |TAMS 0x0000000088000000, 0x0000000088000000| Untracked 
| 101|0x0000000088100000, 0x0000000088100000, 0x0000000088200000|  0%| F|  |TAMS 0x0000000088100000, 0x0000000088100000| Untracked 
| 102|0x0000000088200000, 0x0000000088200000, 0x0000000088300000|  0%| F|  |TAMS 0x0000000088200000, 0x0000000088200000| Untracked 
| 103|0x0000000088300000, 0x0000000088300000, 0x0000000088400000|  0%| F|  |TAMS 0x0000000088300000, 0x0000000088300000| Untracked 
| 104|0x0000000088400000, 0x0000000088400000, 0x0000000088500000|  0%| F|  |TAMS 0x0000000088400000, 0x0000000088400000| Untracked 
| 105|0x0000000088500000, 0x0000000088500000, 0x0000000088600000|  0%| F|  |TAMS 0x0000000088500000, 0x0000000088500000| Untracked 
| 106|0x0000000088600000, 0x0000000088600000, 0x0000000088700000|  0%| F|  |TAMS 0x0000000088600000, 0x0000000088600000| Untracked 
| 107|0x0000000088700000, 0x0000000088700000, 0x0000000088800000|  0%| F|  |TAMS 0x0000000088700000, 0x0000000088700000| Untracked 
| 108|0x0000000088800000, 0x0000000088800000, 0x0000000088900000|  0%| F|  |TAMS 0x0000000088800000, 0x0000000088800000| Untracked 
| 109|0x0000000088900000, 0x0000000088900000, 0x0000000088a00000|  0%| F|  |TAMS 0x0000000088900000, 0x0000000088900000| Untracked 
| 110|0x0000000088a00000, 0x0000000088a00000, 0x0000000088b00000|  0%| F|  |TAMS 0x0000000088a00000, 0x0000000088a00000| Untracked 
| 111|0x0000000088b00000, 0x0000000088b00000, 0x0000000088c00000|  0%| F|  |TAMS 0x0000000088b00000, 0x0000000088b00000| Untracked 
| 112|0x0000000088c00000, 0x0000000088c00000, 0x0000000088d00000|  0%| F|  |TAMS 0x0000000088c00000, 0x0000000088c00000| Untracked 
| 113|0x0000000088d00000, 0x0000000088d00000, 0x0000000088e00000|  0%| F|  |TAMS 0x0000000088d00000, 0x0000000088d00000| Untracked 
| 114|0x0000000088e00000, 0x0000000088e00000, 0x0000000088f00000|  0%| F|  |TAMS 0x0000000088e00000, 0x0000000088e00000| Untracked 
| 115|0x0000000088f00000, 0x0000000088f00000, 0x0000000089000000|  0%| F|  |TAMS 0x0000000088f00000, 0x0000000088f00000| Untracked 
| 116|0x0000000089000000, 0x0000000089000000, 0x0000000089100000|  0%| F|  |TAMS 0x0000000089000000, 0x0000000089000000| Untracked 
| 117|0x0000000089100000, 0x0000000089100000, 0x0000000089200000|  0%| F|  |TAMS 0x0000000089100000, 0x0000000089100000| Untracked 
| 118|0x0000000089200000, 0x0000000089200000, 0x0000000089300000|  0%| F|  |TAMS 0x0000000089200000, 0x0000000089200000| Untracked 
| 119|0x0000000089300000, 0x0000000089300000, 0x0000000089400000|  0%| F|  |TAMS 0x0000000089300000, 0x0000000089300000| Untracked 
| 120|0x0000000089400000, 0x0000000089400000, 0x0000000089500000|  0%| F|  |TAMS 0x0000000089400000, 0x0000000089400000| Untracked 
| 121|0x0000000089500000, 0x0000000089500000, 0x0000000089600000|  0%| F|  |TAMS 0x0000000089500000, 0x0000000089500000| Untracked 
| 122|0x0000000089600000, 0x000000008966d040, 0x0000000089700000| 42%| S|CS|TAMS 0x0000000089600000, 0x0000000089600000| Complete 
| 123|0x0000000089700000, 0x0000000089800000, 0x0000000089800000|100%| S|CS|TAMS 0x0000000089700000, 0x0000000089700000| Complete 
| 124|0x0000000089800000, 0x0000000089900000, 0x0000000089900000|100%| S|CS|TAMS 0x0000000089800000, 0x0000000089800000| Complete 
| 125|0x0000000089900000, 0x0000000089a00000, 0x0000000089a00000|100%| S|CS|TAMS 0x0000000089900000, 0x0000000089900000| Complete 
| 126|0x0000000089a00000, 0x0000000089a00000, 0x0000000089b00000|  0%| F|  |TAMS 0x0000000089a00000, 0x0000000089a00000| Untracked 
| 127|0x0000000089b00000, 0x0000000089b00000, 0x0000000089c00000|  0%| F|  |TAMS 0x0000000089b00000, 0x0000000089b00000| Untracked 

Card table byte_map: [0x00000206af7c0000,0x00000206afbc0000] _byte_map_base: 0x00000206af3b2000

Marking Bits (Prev, Next): (CMBitMap*) 0x0000020697a06b40, (CMBitMap*) 0x0000020697a06b08
 Prev Bits: [0x00000206b1f50000, 0x00000206b3ee0000)
 Next Bits: [0x00000206affc0000, 0x00000206b1f50000)

Polling page: 0x0000020695620000

Metaspace:

Usage:
  Non-class:     12.46 MB capacity,    12.39 MB (>99%) used,    49.49 KB ( <1%) free+waste,    20.25 KB ( <1%) overhead. 
      Class:      1.37 MB capacity,     1.28 MB ( 93%) used,    84.57 KB (  6%) free+waste,     8.94 KB ( <1%) overhead. 
       Both:     13.83 MB capacity,    13.67 MB ( 99%) used,   134.06 KB ( <1%) free+waste,    29.19 KB ( <1%) overhead. 

Virtual space:
  Non-class space:       28.00 MB reserved,      12.50 MB ( 45%) committed 
      Class space:        1.00 GB reserved,       1.38 MB ( <1%) committed 
             Both:        1.03 GB reserved,      13.88 MB (  1%) committed 

Chunk freelists:
   Non-Class:  38.00 KB
       Class:  6.00 KB
        Both:  44.00 KB

MaxMetaspaceSize: 17179869184.00 GB
CompressedClassSpaceSize: 1.00 GB
Initial GC threshold: 20.80 MB
Current GC threshold: 23.45 MB
CDS: off

CodeHeap 'non-profiled nmethods': size=120000Kb used=310Kb max_used=310Kb free=119690Kb
 bounds [0x00000206a7b60000, 0x00000206a7dd0000, 0x00000206af090000]
CodeHeap 'profiled nmethods': size=120000Kb used=2041Kb max_used=2041Kb free=117958Kb
 bounds [0x00000206a0630000, 0x00000206a08a0000, 0x00000206a7b60000]
CodeHeap 'non-nmethods': size=5760Kb used=1152Kb max_used=1173Kb free=4607Kb
 bounds [0x00000206a0090000, 0x00000206a0300000, 0x00000206a0630000]
 total_blobs=1487 nmethods=1073 adapters=327
 compilation: enabled
              stopped_count=0, restarted_count=0
 full_count=0

Compilation events (20 events):
Event: 0.739 Thread 0x00000206b71ef000 nmethod 1064 0x00000206a0822810 code [0x00000206a08229e0, 0x00000206a0822ce8]
Event: 0.739 Thread 0x00000206b71ef000 1067       3       com.google.common.collect.RegularImmutableMap::checkNoConflictInKeyBucket (42 bytes)
Event: 0.739 Thread 0x00000206b71ef000 nmethod 1067 0x00000206a0822e10 code [0x00000206a0823000, 0x00000206a08234a8]
Event: 0.739 Thread 0x00000206b71ef000 1065       3       com.google.common.collect.ImmutableEntry::<init> (15 bytes)
Event: 0.739 Thread 0x00000206b71ef000 nmethod 1065 0x00000206a0823690 code [0x00000206a0823860, 0x00000206a0823ad8]
Event: 0.739 Thread 0x00000206b71ef000 1066       3       com.google.common.collect.AbstractMapEntry::<init> (5 bytes)
Event: 0.740 Thread 0x00000206b71ef000 nmethod 1066 0x00000206a0823c10 code [0x00000206a0823dc0, 0x00000206a0823f18]
Event: 0.740 Thread 0x00000206b71ef000 1068   !   3       java.net.URL::set (114 bytes)
Event: 0.741 Thread 0x00000206b71ef000 nmethod 1068 0x00000206a0824010 code [0x00000206a08242a0, 0x00000206a0825018]
Event: 0.741 Thread 0x00000206b71ef000 1069       3       java.util.jar.JarFile::getEntry0 (24 bytes)
Event: 0.741 Thread 0x00000206b71ef000 nmethod 1069 0x00000206a0825490 code [0x00000206a0825680, 0x00000206a0825b68]
Event: 0.741 Thread 0x00000206b71ef000 1070   !   3       java.net.URL::<init> (543 bytes)
Event: 0.742 Thread 0x00000206b71ed800 nmethod 1062 0x00000206a7bad110 code [0x00000206a7bad2c0, 0x00000206a7bad578]
Event: 0.745 Thread 0x00000206b71ef000 nmethod 1070 0x00000206a0825d10 code [0x00000206a0826400, 0x00000206a082a0c8]
Event: 0.745 Thread 0x00000206b71ef000 1072       3       java.util.jar.JarFile::getManifest (5 bytes)
Event: 0.745 Thread 0x00000206b71ef000 nmethod 1072 0x00000206a082c310 code [0x00000206a082c4c0, 0x00000206a082c5e8]
Event: 0.745 Thread 0x00000206b71ef000 1073       3       java.util.jar.JarFile::getManifestFromReference (151 bytes)
Event: 0.746 Thread 0x00000206b71ef000 nmethod 1073 0x00000206a082c690 code [0x00000206a082c980, 0x00000206a082da68]
Event: 0.746 Thread 0x00000206b71ef000 1071       3       sun.net.www.ParseUtil::match (50 bytes)
Event: 0.746 Thread 0x00000206b71ef000 nmethod 1071 0x00000206a082e010 code [0x00000206a082e1c0, 0x00000206a082e438]

GC Heap History (4 events):
Event: 0.721 GC heap before
{Heap before GC invocations=0 (full 0):
 garbage-first heap   total 131072K, used 17408K [0x0000000081c00000, 0x0000000100000000)
  region size 1024K, 18 young (18432K), 0 survivors (0K)
 Metaspace       used 13708K, capacity 13858K, committed 13952K, reserved 1069056K
  class space    used 1290K, capacity 1363K, committed 1408K, reserved 1048576K
}
Event: 0.726 GC heap after
{Heap after GC invocations=1 (full 0):
 garbage-first heap   total 131072K, used 3388K [0x0000000081c00000, 0x0000000100000000)
  region size 1024K, 3 young (3072K), 3 survivors (3072K)
 Metaspace       used 13708K, capacity 13858K, committed 13952K, reserved 1069056K
  class space    used 1290K, capacity 1363K, committed 1408K, reserved 1048576K
}
Event: 0.747 GC heap before
{Heap before GC invocations=2 (full 0):
 garbage-first heap   total 131072K, used 4412K [0x0000000081c00000, 0x0000000100000000)
  region size 1024K, 5 young (5120K), 3 survivors (3072K)
 Metaspace       used 14000K, capacity 14164K, committed 14208K, reserved 1075200K
  class space    used 1308K, capacity 1402K, committed 1408K, reserved 1048576K
}
Event: 0.751 GC heap after
{Heap after GC invocations=3 (full 0):
 garbage-first heap   total 131072K, used 3824K [0x0000000081c00000, 0x0000000100000000)
  region size 1024K, 4 young (4096K), 4 survivors (4096K)
 Metaspace       used 14000K, capacity 14164K, committed 14208K, reserved 1075200K
  class space    used 1308K, capacity 1402K, committed 1408K, reserved 1048576K
}

Deoptimization events (20 events):
Event: 0.154 Thread 0x00000206979c3000 DEOPT PACKING pc=0x00000206a0654e3b sp=0x000000673baf7e10
Event: 0.154 Thread 0x00000206979c3000 DEOPT UNPACKING pc=0x00000206a00da95e sp=0x000000673baf72e0 mode 0
Event: 0.154 Thread 0x00000206979c3000 DEOPT PACKING pc=0x00000206a0654e3b sp=0x000000673baf7e10
Event: 0.154 Thread 0x00000206979c3000 DEOPT UNPACKING pc=0x00000206a00da95e sp=0x000000673baf72e0 mode 0
Event: 0.155 Thread 0x00000206979c3000 DEOPT PACKING pc=0x00000206a0654e3b sp=0x000000673baf7e10
Event: 0.155 Thread 0x00000206979c3000 DEOPT UNPACKING pc=0x00000206a00da95e sp=0x000000673baf72e0 mode 0
Event: 0.155 Thread 0x00000206979c3000 DEOPT PACKING pc=0x00000206a0654e3b sp=0x000000673baf7e10
Event: 0.155 Thread 0x00000206979c3000 DEOPT UNPACKING pc=0x00000206a00da95e sp=0x000000673baf72e0 mode 0
Event: 0.277 Thread 0x00000206979c3000 DEOPT PACKING pc=0x00000206a0678da2 sp=0x000000673bafd620
Event: 0.277 Thread 0x00000206979c3000 DEOPT UNPACKING pc=0x00000206a00da95e sp=0x000000673bafca88 mode 0
Event: 0.515 Thread 0x00000206979c3000 Uncommon trap: trap_request=0xffffff4d fr.pc=0x00000206a7b6f080 relative=0x0000000000000060
Event: 0.515 Thread 0x00000206979c3000 Uncommon trap: reason=unstable_if action=reinterpret pc=0x00000206a7b6f080 method=java.io.WinNTFileSystem.isSlash(C)Z @ 9 c2
Event: 0.515 Thread 0x00000206979c3000 DEOPT PACKING pc=0x00000206a7b6f080 sp=0x000000673bafcad0
Event: 0.515 Thread 0x00000206979c3000 DEOPT UNPACKING pc=0x00000206a00da1af sp=0x000000673bafca58 mode 2
Event: 0.703 Thread 0x00000206979c3000 DEOPT PACKING pc=0x00000206a072b6db sp=0x000000673bafe090
Event: 0.703 Thread 0x00000206979c3000 DEOPT UNPACKING pc=0x00000206a00da95e sp=0x000000673bafd508 mode 0
Event: 0.715 Thread 0x00000206979c3000 Uncommon trap: trap_request=0xffffff4d fr.pc=0x00000206a7b9a9dc relative=0x00000000000001bc
Event: 0.715 Thread 0x00000206979c3000 Uncommon trap: reason=unstable_if action=reinterpret pc=0x00000206a7b9a9dc method=java.lang.String.startsWith(Ljava/lang/String;I)Z @ 1 c2
Event: 0.715 Thread 0x00000206979c3000 DEOPT PACKING pc=0x00000206a7b9a9dc sp=0x000000673bafb640
Event: 0.715 Thread 0x00000206979c3000 DEOPT UNPACKING pc=0x00000206a00da1af sp=0x000000673bafb5b0 mode 2

Classes redefined (0 events):
No events

Internal exceptions (20 events):
Event: 0.678 Thread 0x00000206979c3000 Exception <a 'sun/nio/fs/WindowsException'{0x0000000088bf4e58}> (0x0000000088bf4e58) thrown at [./src/hotspot/share/prims/jni.cpp, line 616]
Event: 0.678 Thread 0x00000206979c3000 Exception <a 'sun/nio/fs/WindowsException'{0x0000000088bf5268}> (0x0000000088bf5268) thrown at [./src/hotspot/share/prims/jni.cpp, line 616]
Event: 0.679 Thread 0x00000206979c3000 Exception <a 'sun/nio/fs/WindowsException'{0x0000000088bf6450}> (0x0000000088bf6450) thrown at [./src/hotspot/share/prims/jni.cpp, line 616]
Event: 0.679 Thread 0x00000206979c3000 Exception <a 'sun/nio/fs/WindowsException'{0x0000000088bf6860}> (0x0000000088bf6860) thrown at [./src/hotspot/share/prims/jni.cpp, line 616]
Event: 0.679 Thread 0x00000206979c3000 Exception <a 'sun/nio/fs/WindowsException'{0x0000000088bf72a8}> (0x0000000088bf72a8) thrown at [./src/hotspot/share/prims/jni.cpp, line 616]
Event: 0.679 Thread 0x00000206979c3000 Exception <a 'sun/nio/fs/WindowsException'{0x0000000088bf7698}> (0x0000000088bf7698) thrown at [./src/hotspot/share/prims/jni.cpp, line 616]
Event: 0.681 Thread 0x00000206979c3000 Exception <a 'sun/nio/fs/WindowsException'{0x0000000088bfd560}> (0x0000000088bfd560) thrown at [./src/hotspot/share/prims/jni.cpp, line 616]
Event: 0.682 Thread 0x00000206979c3000 Exception <a 'sun/nio/fs/WindowsException'{0x0000000088a078b0}> (0x0000000088a078b0) thrown at [./src/hotspot/share/prims/jni.cpp, line 616]
Event: 0.682 Thread 0x00000206979c3000 Exception <a 'sun/nio/fs/WindowsException'{0x0000000088a07cd0}> (0x0000000088a07cd0) thrown at [./src/hotspot/share/prims/jni.cpp, line 616]
Event: 0.696 Thread 0x00000206979c3000 Exception <a 'sun/nio/fs/WindowsException'{0x0000000088a53e08}> (0x0000000088a53e08) thrown at [./src/hotspot/share/prims/jni.cpp, line 616]
Event: 0.697 Thread 0x00000206979c3000 Exception <a 'sun/nio/fs/WindowsException'{0x0000000088a5d718}> (0x0000000088a5d718) thrown at [./src/hotspot/share/prims/jni.cpp, line 616]
Event: 0.697 Thread 0x00000206979c3000 Exception <a 'sun/nio/fs/WindowsException'{0x0000000088a5db38}> (0x0000000088a5db38) thrown at [./src/hotspot/share/prims/jni.cpp, line 616]
Event: 0.704 Thread 0x00000206979c3000 Exception <a 'sun/nio/fs/WindowsException'{0x0000000088a99450}> (0x0000000088a99450) thrown at [./src/hotspot/share/prims/jni.cpp, line 616]
Event: 0.706 Thread 0x00000206979c3000 Exception <a 'sun/nio/fs/WindowsException'{0x0000000088aa2d10}> (0x0000000088aa2d10) thrown at [./src/hotspot/share/prims/jni.cpp, line 616]
Event: 0.706 Thread 0x00000206979c3000 Exception <a 'sun/nio/fs/WindowsException'{0x0000000088aa30d0}> (0x0000000088aa30d0) thrown at [./src/hotspot/share/prims/jni.cpp, line 616]
Event: 0.707 Thread 0x00000206979c3000 Exception <a 'sun/nio/fs/WindowsException'{0x0000000088aa7f30}> (0x0000000088aa7f30) thrown at [./src/hotspot/share/prims/jni.cpp, line 616]
Event: 0.728 Thread 0x00000206979c3000 Exception <a 'sun/nio/fs/WindowsException'{0x0000000089b05d40}> (0x0000000089b05d40) thrown at [./src/hotspot/share/prims/jni.cpp, line 616]
Event: 0.729 Thread 0x00000206979c3000 Exception <a 'sun/nio/fs/WindowsException'{0x0000000089b060f0}> (0x0000000089b060f0) thrown at [./src/hotspot/share/prims/jni.cpp, line 616]
Event: 0.729 Thread 0x00000206979c3000 Exception <a 'sun/nio/fs/WindowsException'{0x0000000089b06a50}> (0x0000000089b06a50) thrown at [./src/hotspot/share/prims/jni.cpp, line 616]
Event: 0.730 Thread 0x00000206979c3000 Exception <a 'sun/nio/fs/WindowsException'{0x0000000089b07040}> (0x0000000089b07040) thrown at [./src/hotspot/share/prims/jni.cpp, line 616]

Events (20 events):
Event: 0.740 loading class kotlin/sequences/GeneratorSequence$iterator$1 done
Event: 0.741 loading class kotlin/text/StringsKt
Event: 0.741 loading class kotlin/text/StringsKt done
Event: 0.741 loading class kotlin/text/StringsKt___StringsKt
Event: 0.741 loading class kotlin/text/StringsKt___StringsKt done
Event: 0.743 loading class kotlin/text/StringsKt___StringsJvmKt
Event: 0.743 loading class kotlin/text/StringsKt___StringsJvmKt done
Event: 0.743 loading class kotlin/text/StringsKt__StringsKt
Event: 0.743 loading class kotlin/text/StringsKt__StringsKt done
Event: 0.745 loading class kotlin/text/StringsKt__StringsJVMKt
Event: 0.745 loading class kotlin/text/StringsKt__StringsJVMKt done
Event: 0.746 loading class kotlin/text/StringsKt__StringNumberConversionsKt
Event: 0.746 loading class kotlin/text/StringsKt__StringNumberConversionsKt done
Event: 0.746 loading class kotlin/text/StringsKt__StringNumberConversionsJVMKt
Event: 0.746 loading class kotlin/text/StringsKt__StringNumberConversionsJVMKt done
Event: 0.746 loading class kotlin/text/StringsKt__StringBuilderKt
Event: 0.746 loading class kotlin/text/StringsKt__StringBuilderKt done
Event: 0.747 loading class kotlin/text/StringsKt__StringBuilderJVMKt
Event: 0.747 loading class kotlin/text/StringsKt__StringBuilderJVMKt done
Event: 0.747 Executing VM operation: CollectForMetadataAllocation


Dynamic libraries:
0x00007ff65c340000 - 0x00007ff65c34d000 	C:\Program Files\Unity\Hub\Editor\2022.3.18f1\Editor\Data\PlaybackEngines\AndroidPlayer\OpenJDK\bin\java.exe
0x00007ff9e6370000 - 0x00007ff9e6568000 	C:\Windows\SYSTEM32\ntdll.dll
0x00007ff9e5a00000 - 0x00007ff9e5ac1000 	C:\Windows\System32\KERNEL32.DLL
0x00007ff9e3c00000 - 0x00007ff9e3ef6000 	C:\Windows\System32\KERNELBASE.dll
0x00007ff9e3fd0000 - 0x00007ff9e40d0000 	C:\Windows\System32\ucrtbase.dll
0x00007ff9dcab0000 - 0x00007ff9dcac7000 	C:\Program Files\Unity\Hub\Editor\2022.3.18f1\Editor\Data\PlaybackEngines\AndroidPlayer\OpenJDK\bin\jli.dll
0x00007ff9bf390000 - 0x00007ff9bf3a5000 	C:\Program Files\Unity\Hub\Editor\2022.3.18f1\Editor\Data\PlaybackEngines\AndroidPlayer\OpenJDK\bin\VCRUNTIME140.dll
0x00007ff9e52f0000 - 0x00007ff9e548f000 	C:\Windows\System32\USER32.dll
0x00007ff9e3ab0000 - 0x00007ff9e3ad2000 	C:\Windows\System32\win32u.dll
0x00007ff9d53f0000 - 0x00007ff9d568a000 	C:\Windows\WinSxS\amd64_microsoft.windows.common-controls_6595b64144ccf1df_6.0.19041.4355_none_60b8b9eb71f62e16\COMCTL32.dll
0x00007ff9e5b90000 - 0x00007ff9e5bbb000 	C:\Windows\System32\GDI32.dll
0x00007ff9e4770000 - 0x00007ff9e480e000 	C:\Windows\System32\msvcrt.dll
0x00007ff9e3ae0000 - 0x00007ff9e3bf7000 	C:\Windows\System32\gdi32full.dll
0x00007ff9e3f30000 - 0x00007ff9e3fcd000 	C:\Windows\System32\msvcp_win.dll
0x00007ff9e4e30000 - 0x00007ff9e4e5f000 	C:\Windows\System32\IMM32.DLL
0x00007ff9e3770000 - 0x00007ff9e37a0000 	C:\Windows\system32\DriverStore\FileRepository\nvdmwi.inf_amd64_4e1f34e1ce3cb131\nvinitx.dll
0x00007ff9e57b0000 - 0x00007ff9e5860000 	C:\Windows\System32\ADVAPI32.dll
0x00007ff9e5580000 - 0x00007ff9e5620000 	C:\Windows\System32\sechost.dll
0x00007ff9e3760000 - 0x00007ff9e376a000 	C:\Windows\SYSTEM32\VERSION.dll
0x00007ff9e50a0000 - 0x00007ff9e51c3000 	C:\Windows\System32\RPCRT4.dll
0x00007ff9e3f00000 - 0x00007ff9e3f27000 	C:\Windows\System32\bcrypt.dll
0x00007ff9e5bc0000 - 0x00007ff9e632c000 	C:\Windows\System32\Shell32.dll
0x00007ff9e1a10000 - 0x00007ff9e21ad000 	C:\Windows\SYSTEM32\windows.storage.dll
0x00007ff9e43b0000 - 0x00007ff9e4703000 	C:\Windows\System32\combase.dll
0x00007ff9e3330000 - 0x00007ff9e335e000 	C:\Windows\SYSTEM32\Wldp.dll
0x00007ff9e4ce0000 - 0x00007ff9e4dad000 	C:\Windows\System32\OLEAUT32.dll
0x00007ff9e56d0000 - 0x00007ff9e577d000 	C:\Windows\System32\SHCORE.dll
0x00007ff9e5ad0000 - 0x00007ff9e5b25000 	C:\Windows\System32\shlwapi.dll
0x0000000053090000 - 0x0000000053096000 	C:\Program Files\NVIDIA Corporation\CoProcManager\_etoured.dll
0x00007ff9e00a0000 - 0x00007ff9e00db000 	C:\Program Files\NVIDIA Corporation\CoProcManager\nvd3d9wrapx.dll
0x00007ff9e4870000 - 0x00007ff9e4cde000 	C:\Windows\System32\SETUPAPI.dll
0x00007ff9e42e0000 - 0x00007ff9e432e000 	C:\Windows\System32\cfgmgr32.dll
0x00007ff9de270000 - 0x00007ff9de294000 	C:\Program Files\NVIDIA Corporation\CoProcManager\nvdxgiwrapx.dll
0x00007ff9a6740000 - 0x00007ff9a67db000 	C:\Program Files\Unity\Hub\Editor\2022.3.18f1\Editor\Data\PlaybackEngines\AndroidPlayer\OpenJDK\bin\msvcp140.dll
0x00007ff9853f0000 - 0x00007ff985f71000 	C:\Program Files\Unity\Hub\Editor\2022.3.18f1\Editor\Data\PlaybackEngines\AndroidPlayer\OpenJDK\bin\server\jvm.dll
0x00007ff9e5490000 - 0x00007ff9e5498000 	C:\Windows\System32\PSAPI.DLL
0x00007ff9d6ef0000 - 0x00007ff9d6f17000 	C:\Windows\SYSTEM32\WINMM.dll
0x00007ff9e0610000 - 0x00007ff9e0619000 	C:\Windows\SYSTEM32\WSOCK32.dll
0x00007ff9e5860000 - 0x00007ff9e58cb000 	C:\Windows\System32\WS2_32.dll
0x00007ff9e21f0000 - 0x00007ff9e2202000 	C:\Windows\SYSTEM32\kernel.appcore.dll
0x00007ff9e0530000 - 0x00007ff9e0540000 	C:\Program Files\Unity\Hub\Editor\2022.3.18f1\Editor\Data\PlaybackEngines\AndroidPlayer\OpenJDK\bin\verify.dll
0x00007ff9cb070000 - 0x00007ff9cb254000 	C:\Windows\SYSTEM32\DBGHELP.DLL
0x00007ff9cb030000 - 0x00007ff9cb064000 	C:\Windows\SYSTEM32\dbgcore.DLL
0x0000020695590000 - 0x0000020695612000 	C:\Windows\System32\bcryptPrimitives.dll
0x00007ff9bba80000 - 0x00007ff9bbaa8000 	C:\Program Files\Unity\Hub\Editor\2022.3.18f1\Editor\Data\PlaybackEngines\AndroidPlayer\OpenJDK\bin\java.dll
0x00007ff9db820000 - 0x00007ff9db82a000 	C:\Program Files\Unity\Hub\Editor\2022.3.18f1\Editor\Data\PlaybackEngines\AndroidPlayer\OpenJDK\bin\jimage.dll
0x00007ff9befc0000 - 0x00007ff9befd8000 	C:\Program Files\Unity\Hub\Editor\2022.3.18f1\Editor\Data\PlaybackEngines\AndroidPlayer\OpenJDK\bin\zip.dll
0x00007ff9e3950000 - 0x00007ff9e3974000 	C:\Windows\SYSTEM32\profapi.dll
0x00007ff9bebf0000 - 0x00007ff9bec09000 	C:\Program Files\Unity\Hub\Editor\2022.3.18f1\Editor\Data\PlaybackEngines\AndroidPlayer\OpenJDK\bin\net.dll
0x00007ff9dd210000 - 0x00007ff9dd31a000 	C:\Windows\SYSTEM32\WINHTTP.dll
0x00007ff9e3090000 - 0x00007ff9e30fa000 	C:\Windows\system32\mswsock.dll
0x00007ff9bdc10000 - 0x00007ff9bdc23000 	C:\Program Files\Unity\Hub\Editor\2022.3.18f1\Editor\Data\PlaybackEngines\AndroidPlayer\OpenJDK\bin\nio.dll

dbghelp: loaded successfully - version: 4.0.5 - missing functions: none
symbol engine: initialized successfully - sym options: 0x614 - pdb path: .;C:\Program Files\Unity\Hub\Editor\2022.3.18f1\Editor\Data\PlaybackEngines\AndroidPlayer\OpenJDK\bin;C:\Windows\SYSTEM32;C:\Windows\WinSxS\amd64_microsoft.windows.common-controls_6595b64144ccf1df_6.0.19041.4355_none_60b8b9eb71f62e16;C:\Windows\system32\DriverStore\FileRepository\nvdmwi.inf_amd64_4e1f34e1ce3cb131;C:\Program Files\NVIDIA Corporation\CoProcManager;C:\Program Files\Unity\Hub\Editor\2022.3.18f1\Editor\Data\PlaybackEngines\AndroidPlayer\OpenJDK\bin\server

VM Arguments:
jvm_args: -Dfile.encoding=UTF-8 -Dcom.android.sdklib.toolsdir=C:\Program Files\Unity\Hub\Editor\2022.3.18f1\Editor\Data\PlaybackEngines\AndroidPlayer\SDK\cmdline-tools\6.0\bin\\.. 
java_command: com.android.sdklib.tool.sdkmanager.SdkManagerCli --list
java_class_path (initial): C:\Program Files\Unity\Hub\Editor\2022.3.18f1\Editor\Data\PlaybackEngines\AndroidPlayer\SDK\cmdline-tools\6.0\bin\..\lib\sdkmanager-classpath.jar
Launcher Type: SUN_STANDARD

[Global flags]
     intx CICompilerCount                          = 4                                         {product} {ergonomic}
     uint ConcGCThreads                            = 2                                         {product} {ergonomic}
     uint G1ConcRefinementThreads                  = 8                                         {product} {ergonomic}
   size_t G1HeapRegionSize                         = 1048576                                   {product} {ergonomic}
    uintx GCDrainStackTargetSize                   = 64                                        {product} {ergonomic}
   size_t InitialHeapSize                          = 134217728                                 {product} {ergonomic}
   size_t MarkStackSize                            = 4194304                                   {product} {ergonomic}
   size_t MaxHeapSize                              = 2118123520                                {product} {ergonomic}
   size_t MaxNewSize                               = 1270874112                                {product} {ergonomic}
   size_t MinHeapDeltaBytes                        = 1048576                                   {product} {ergonomic}
    uintx NonNMethodCodeHeapSize                   = 5836300                                {pd product} {ergonomic}
    uintx NonProfiledCodeHeapSize                  = 122910970                              {pd product} {ergonomic}
    uintx ProfiledCodeHeapSize                     = 122910970                              {pd product} {ergonomic}
    uintx ReservedCodeCacheSize                    = 251658240                              {pd product} {ergonomic}
     bool SegmentedCodeCache                       = true                                      {product} {ergonomic}
     bool UseCompressedClassPointers               = true                                 {lp64_product} {ergonomic}
     bool UseCompressedOops                        = true                                 {lp64_product} {ergonomic}
     bool UseG1GC                                  = true                                      {product} {ergonomic}
     bool UseLargePagesIndividualAllocation        = false                                  {pd product} {ergonomic}

Logging:
Log output configuration:
 #0: stdout all=warning uptime,level,tags
 #1: stderr all=off uptime,level,tags

Environment Variables:
JAVA_HOME=C:\Program Files\Unity\Hub\Editor\2022.3.18f1\Editor\Data\PlaybackEngines\AndroidPlayer\OpenJDK
JAVA_TOOL_OPTIONS=-Dfile.encoding=UTF-8
CLASSPATH=C:\Program Files\Unity\Hub\Editor\2022.3.18f1\Editor\Data\PlaybackEngines\AndroidPlayer\SDK\cmdline-tools\6.0\bin\..\lib\sdkmanager-classpath.jar
PATH=C:\Windows\system32;C:\Windows;C:\Windows\System32\Wbem;C:\Windows\System32\WindowsPowerShell\v1.0\;C:\Windows\System32\OpenSSH\;C:\Program Files\Git\cmd;C:\Users\Taimoor Hussain\AppData\Local\Microsoft\WindowsApps;
USERNAME=Taimoor Hussain
OS=Windows_NT
PROCESSOR_IDENTIFIER=Intel64 Family 6 Model 42 Stepping 7, GenuineIntel



---------------  S Y S T E M  ---------------

OS: Windows 10 , 64 bit Build 19041 (10.0.19041.4597)
OS uptime: 9 days 1:59 hours

CPU:total 8 (initial active 8) (4 cores per cpu, 2 threads per core) family 6 model 42 stepping 7 microcode 0x2f, cmov, cx8, fxsr, mmx, sse, sse2, sse3, ssse3, sse4.1, sse4.2, popcnt, avx, aes, clmul, ht, tsc, tscinvbit

Memory: 4k page, system-wide physical 8072M (532M free)
TotalPageFile size 12168M (AvailPageFile size 5M)
current process WorkingSet (physical memory assigned to process): 74M, peak: 74M
current process commit charge ("private bytes"): 221M, peak: 222M

vm_info: OpenJDK 64-Bit Server VM (11.0.14.1+1) for windows-amd64 JRE (11.0.14.1+1), built on Feb  9 2022 01:48:27 by "" with unknown MS VC++:1916

END.
